// Vitest Snapshot v1, https://vitest.dev/guide/snapshot.html

exports[`transform > should transform className with conditionals 1`] = `
"const Button: React.FC<ButtonProps> = ({ children, display }) => {
      return <button className={display === 'flex' ? "kf-222f930b" : "kf-12330685"}>{children}</button>;
    }"
`;
