// Vitest Snapshot v1, https://vitest.dev/guide/snapshot.html

exports[`generateStylesheet > should transform className with cn and generate correct stylesheet 1`] = `"*,:after,:before{--kf-border-spacing-x:0;--kf-border-spacing-y:0;--kf-translate-x:0;--kf-translate-y:0;--kf-rotate:0;--kf-skew-x:0;--kf-skew-y:0;--kf-scale-x:1;--kf-scale-y:1;--kf-pan-x: ;--kf-pan-y: ;--kf-pinch-zoom: ;--kf-scroll-snap-strictness:proximity;--kf-gradient-from-position: ;--kf-gradient-via-position: ;--kf-gradient-to-position: ;--kf-ordinal: ;--kf-slashed-zero: ;--kf-numeric-figure: ;--kf-numeric-spacing: ;--kf-numeric-fraction: ;--kf-ring-inset: ;--kf-ring-offset-width:0px;--kf-ring-offset-color:#fff;--kf-ring-color:rgba(59,130,246,.5);--kf-ring-offset-shadow:0 0 #0000;--kf-ring-shadow:0 0 #0000;--kf-shadow:0 0 #0000;--kf-shadow-colored:0 0 #0000;--kf-blur: ;--kf-brightness: ;--kf-contrast: ;--kf-grayscale: ;--kf-hue-rotate: ;--kf-invert: ;--kf-saturate: ;--kf-sepia: ;--kf-drop-shadow: ;--kf-backdrop-blur: ;--kf-backdrop-brightness: ;--kf-backdrop-contrast: ;--kf-backdrop-grayscale: ;--kf-backdrop-hue-rotate: ;--kf-backdrop-invert: ;--kf-backdrop-opacity: ;--kf-backdrop-saturate: ;--kf-backdrop-sepia: ;--kf-contain-size: ;--kf-contain-layout: ;--kf-contain-paint: ;--kf-contain-style: }::backdrop{--kf-border-spacing-x:0;--kf-border-spacing-y:0;--kf-translate-x:0;--kf-translate-y:0;--kf-rotate:0;--kf-skew-x:0;--kf-skew-y:0;--kf-scale-x:1;--kf-scale-y:1;--kf-pan-x: ;--kf-pan-y: ;--kf-pinch-zoom: ;--kf-scroll-snap-strictness:proximity;--kf-gradient-from-position: ;--kf-gradient-via-position: ;--kf-gradient-to-position: ;--kf-ordinal: ;--kf-slashed-zero: ;--kf-numeric-figure: ;--kf-numeric-spacing: ;--kf-numeric-fraction: ;--kf-ring-inset: ;--kf-ring-offset-width:0px;--kf-ring-offset-color:#fff;--kf-ring-color:rgba(59,130,246,.5);--kf-ring-offset-shadow:0 0 #0000;--kf-ring-shadow:0 0 #0000;--kf-shadow:0 0 #0000;--kf-shadow-colored:0 0 #0000;--kf-blur: ;--kf-brightness: ;--kf-contrast: ;--kf-grayscale: ;--kf-hue-rotate: ;--kf-invert: ;--kf-saturate: ;--kf-sepia: ;--kf-drop-shadow: ;--kf-backdrop-blur: ;--kf-backdrop-brightness: ;--kf-backdrop-contrast: ;--kf-backdrop-grayscale: ;--kf-backdrop-hue-rotate: ;--kf-backdrop-invert: ;--kf-backdrop-opacity: ;--kf-backdrop-saturate: ;--kf-backdrop-sepia: ;--kf-contain-size: ;--kf-contain-layout: ;--kf-contain-paint: ;--kf-contain-style: }:where(:root){--cl-color-primary:233 8% 20%;--cl-color-primary-foreground:0 0% 100%}.kf-c2153e59{background-color:#3b82f6;border-radius:.25rem;font-weight:700;padding:.5rem 1rem;--kf-text-opacity:1;color:rgb(255 255 255/var(--kf-text-opacity,1))}.kf-c2153e59:hover{background-color:#1d4ed8}"`;
