// Vitest Snapshot v1, https://vitest.dev/guide/snapshot.html

exports[`transform > should transform slot with className 1`] = `
"const Button: React.FC<ButtonProps> = ({ children, className }) => {
      return <div slot={<button className="kf-c2153e59">{children}</button>} />;
    }"
`;
