// Vitest Snapshot v1, https://vitest.dev/guide/snapshot.html

exports[`transform > should transform className 1`] = `
"const Button: React.FC<ButtonProps> = ({ children, className }) => {
      return <button className="kf-c2153e59">{children}</button>;
    }"
`;
