// Vitest Snapshot v1, https://vitest.dev/guide/snapshot.html

exports[`transform > should transform empty className 1`] = `
"const Button: React.FC<ButtonProps> = ({ children, className }) => {
      return <button className=''>{children}</button>
    }"
`;
